// Jest Snapshot v1, https://goo.gl/fbAQLP

exports[`SingInPage should renders correctly 1`] = `
<div
  className="user-page"
>
  <main-header />
  <div
    className="sign-in user-page__content"
  >
    <sing-in-form />
  </div>
  <main-footer />
</div>
`;

exports[`SingInPage should renders correctly authorization user 1`] = `null`;
