// Jest Snapshot v1, https://goo.gl/fbAQLP

exports[`MoviesList should renders correctly 1`] = `
Array [
  <small-movie-cards />,
  <div
    className="catalog__more"
  >
    <button
      className="catalog__button"
      onClick={[Function]}
      type="button"
    >
      Show more
    </button>
  </div>,
]
`;

exports[`MoviesList should renders correctly without show more button 1`] = `<small-movie-cards />`;
