// Jest Snapshot v1, https://goo.gl/fbAQLP

exports[`App should renders add-review-page 1`] = `null`;

exports[`App should renders favorite-movies-page 1`] = `null`;

exports[`App should renders main-page 1`] = `null`;

exports[`App should renders movie-page 1`] = `null`;

exports[`App should renders movie-player 1`] = `null`;

exports[`App should renders sing-in-page 1`] = `null`;
