// Jest Snapshot v1, https://goo.gl/fbAQLP

exports[`MovieCard should renders correctly 1`] = `
<section
  className="movie-card movie-card--full"
  style={
    Object {
      "backgroundColor": "#fff",
    }
  }
>
  <div
    className="movie-card__hero"
  >
    <movie-wrapper />
  </div>
  <div
    className="movie-card__wrap movie-card__translate-top"
  >
    <div
      className="movie-card__info"
    >
      <movie-poster />
    </div>
  </div>
</section>
`;
